// Jest Snapshot v1, https://goo.gl/fbAQLP

exports[`Components > weather > Forecast should match snapshot 1`] = `
<div
  className="weather-forecast"
>
  <div
    className="weather-forecast__day"
  >
    <div
      className="weather-forecast__day__name"
    >
      Day2
    </div>
    <img
      alt="test1"
      className="weather-icon weather-forecast__day__icon"
      src="/img/weather-icons/weather_1.png"
      title="test1"
    />
    <div
      className="weather-forecast__day__temperature"
    >
      <span
        className="weather-forecast__day__temperature--max"
      >
        10
        °
      </span>
      <span
        className="weather-forecast__day__temperature__separator"
      >
        /
      </span>
      <span
        className="weather-forecast__day__temperature--min"
      >
        5
        °
      </span>
    </div>
  </div>
  <div
    className="weather-forecast__day"
  >
    <div
      className="weather-forecast__day__name"
    >
      Today
    </div>
    <img
      alt="test2"
      className="weather-icon weather-forecast__day__icon"
      src="/img/weather-icons/weather_3.png"
      title="test2"
    />
    <div
      className="weather-forecast__day__temperature"
    >
      <span
        className="weather-forecast__day__temperature--max"
      >
        9
        °
      </span>
      <span
        className="weather-forecast__day__temperature__separator"
      >
        /
      </span>
      <span
        className="weather-forecast__day__temperature--min"
      >
        3
        °
      </span>
    </div>
  </div>
  <div
    className="weather-forecast__day"
  >
    <div
      className="weather-forecast__day__name"
    >
      Tomorrow
    </div>
    <img
      alt="test3"
      className="weather-icon weather-forecast__day__icon"
      src="/img/weather-icons/weather_5.png"
      title="test3"
    />
    <div
      className="weather-forecast__day__temperature"
    >
      <span
        className="weather-forecast__day__temperature--max"
      >
        -100
        °
      </span>
      <span
        className="weather-forecast__day__temperature__separator"
      >
        /
      </span>
      <span
        className="weather-forecast__day__temperature--min"
      >
        500
        °
      </span>
    </div>
  </div>
  <div
    className="weather-forecast__day"
  >
    <div
      className="weather-forecast__day__name"
    >
      Day5
    </div>
    <img
      alt="test4"
      className="weather-icon weather-forecast__day__icon"
      src="/img/weather-icons/weather_2.png"
      title="test4"
    />
    <div
      className="weather-forecast__day__temperature"
    >
      <span
        className="weather-forecast__day__temperature--max"
      >
        100
        °
      </span>
      <span
        className="weather-forecast__day__temperature__separator"
      >
        /
      </span>
      <span
        className="weather-forecast__day__temperature--min"
      >
        -273
        °
      </span>
    </div>
  </div>
  <div
    className="weather-forecast__day"
  >
    <div
      className="weather-forecast__day__name"
    >
      Day6
    </div>
    <img
      alt="test5"
      className="weather-icon weather-forecast__day__icon"
      src="/img/weather-icons/weather_18.png"
      title="test5"
    />
    <div
      className="weather-forecast__day__temperature"
    >
      <span
        className="weather-forecast__day__temperature--max"
      >
        10
        °
      </span>
      <span
        className="weather-forecast__day__temperature__separator"
      >
        /
      </span>
      <span
        className="weather-forecast__day__temperature--min"
      >
        5
        °
      </span>
    </div>
  </div>
</div>
`;
